// Jest Snapshot v1, https://goo.gl/fbAQLP

exports[`Login Component Render for a CAS orga Render for logged in user 1`] = `
<Redirect
  to="/160677"
/>
`;

exports[`Login Component Render for a CAS orga Render for logged out user 1`] = `
<header
  className="App-header"
>
  <Container
    fluid={false}
  >
    <ForwardRef
      noGutters={false}
    >
      <Col />
      <Col
        sm={3}
      >
        <div
          className="text-center"
        >
          <div
            className="block-center mt-xl wd-xl login-body"
          >
            <div
              className="panel panel-dark panel-flat"
            >
              <div
                className="panel-heading text-center"
                id="login-page-container"
              >
                <h1>
                  Heimdall
                </h1>
                <div />
              </div>
              <div
                className="panel-body"
              >
                <Spinner
                  animation="border"
                  role="status"
                  size="sm"
                >
                  <span
                    className="sr-only"
                  >
                    Loading...
                  </span>
                </Spinner>
              </div>
              <br />
            </div>
          </div>
        </div>
      </Col>
      <Col />
    </ForwardRef>
  </Container>
</header>
`;

exports[`Login Component Render for a non CAS orga Render for logged in user 1`] = `
<Redirect
  to="/160677"
/>
`;

exports[`Login Component Render for a non CAS orga Render for logged out user 1`] = `
<header
  className="App-header"
>
  <Container
    fluid={false}
  >
    <ForwardRef
      noGutters={false}
    >
      <Col />
      <Col
        sm={3}
      >
        <div
          className="text-center"
        >
          <div
            className="block-center mt-xl wd-xl login-body"
          >
            <div
              className="panel panel-dark panel-flat"
            >
              <div
                className="panel-heading text-center"
                id="login-page-container"
              >
                <h1>
                  Heimdall
                </h1>
                <div />
              </div>
              <div
                className="panel-body"
              >
                <Spinner
                  animation="border"
                  role="status"
                  size="sm"
                >
                  <span
                    className="sr-only"
                  >
                    Loading...
                  </span>
                </Spinner>
              </div>
              <br />
            </div>
          </div>
        </div>
      </Col>
      <Col />
    </ForwardRef>
  </Container>
</header>
`;
