// Jest Snapshot v1, https://goo.gl/fbAQLP

exports[`Homepage Renders logged in on event level 1`] = `
<Router
  history={
    Object {
      "action": "POP",
      "block": [Function],
      "canGo": [Function],
      "createHref": [Function],
      "entries": Array [
        Object {
          "hash": "",
          "key": "testKey",
          "pathname": "/160677/1",
          "search": "",
        },
      ],
      "go": [Function],
      "goBack": [Function],
      "goForward": [Function],
      "index": 0,
      "length": 1,
      "listen": [Function],
      "location": Object {
        "hash": "",
        "key": "testKey",
        "pathname": "/160677/1",
        "search": "",
      },
      "push": [Function],
      "replace": [Function],
    }
  }
>
  <Route
    key="testRouter"
    path="/:system_id/:event_id"
  >
    <Homepage />
  </Route>
</Router>
`;

exports[`Homepage Renders logged out 1`] = `
<Router
  history={
    Object {
      "action": "POP",
      "block": [Function],
      "canGo": [Function],
      "createHref": [Function],
      "entries": Array [
        Object {
          "hash": "",
          "key": "testKey",
          "pathname": "/160677/1",
          "search": "",
        },
      ],
      "go": [Function],
      "goBack": [Function],
      "goForward": [Function],
      "index": 0,
      "length": 1,
      "listen": [Function],
      "location": Object {
        "hash": "",
        "key": "testKey",
        "pathname": "/160677/1",
        "search": "",
      },
      "push": [Function],
      "replace": [Function],
    }
  }
>
  <Route
    key="testRouter"
    path="/:system_id/:event_id"
  >
    <Homepage />
  </Route>
</Router>
`;
